#-----------------------------------------------------------
# Webtalk v2020.2 (64-bit)
# SW Build 3064766 on Wed Nov 18 09:12:45 MST 2020
# IP Build 3064653 on Wed Nov 18 14:17:31 MST 2020
# Start of session at: Sat Mar  6 00:36:07 2021
# Process ID: 17044
# Current directory: C:/Users/Test/Documents/mrhyks/Digital-electronics-1/Labs/04-segment/new_display/new_display.sim/sim_1/impl/func/xsim
# Command line: wbtcv.exe -mode batch -source C:/Users/Test/Documents/mrhyks/Digital-electronics-1/Labs/04-segment/new_display/new_display.sim/sim_1/impl/func/xsim/xsim.dir/tb_top_func_impl/webtalk/xsim_webtalk.tcl -notrace
# Log file: C:/Users/Test/Documents/mrhyks/Digital-electronics-1/Labs/04-segment/new_display/new_display.sim/sim_1/impl/func/xsim/webtalk.log
# Journal file: C:/Users/Test/Documents/mrhyks/Digital-electronics-1/Labs/04-segment/new_display/new_display.sim/sim_1/impl/func/xsim\webtalk.jou
#-----------------------------------------------------------
source C:/Users/Test/Documents/mrhyks/Digital-electronics-1/Labs/04-segment/new_display/new_display.sim/sim_1/impl/func/xsim/xsim.dir/tb_top_func_impl/webtalk/xsim_webtalk.tcl -notrace
